D:\python_software\SilverStar_FCCG\tests\joint_rework_20260927\timing_bench_final\target_timing0\Tests\Target\timing_bench_f407.c:21:25:TimingBenchF407_StampGet	8	static
D:\python_software\SilverStar_FCCG\tests\joint_rework_20260927\timing_bench_final\target_timing0\Tests\Target\timing_bench_f407.c:13:17:TimingBenchF407_OwnerGet	8	static
D:\python_software\SilverStar_FCCG\tests\joint_rework_20260927\timing_bench_final\target_timing0\Tests\Target\timing_bench_f407.c:30:19:TimingBenchF407_Initialize	8	static
D:\python_software\SilverStar_FCCG\tests\joint_rework_20260927\timing_bench_final\target_timing0\Tests\Target\timing_bench_f407.c:60:19:TimingBenchF407_Begin	64	static
D:\python_software\SilverStar_FCCG\tests\joint_rework_20260927\timing_bench_final\target_timing0\Tests\Target\timing_bench_f407.c:80:19:TimingBenchF407_End	56	static
D:\python_software\SilverStar_FCCG\tests\joint_rework_20260927\timing_bench_final\target_timing0\Tests\Target\timing_bench_f407.c:103:19:TimingBenchF407_Measure	32	static
D:\python_software\SilverStar_FCCG\tests\joint_rework_20260927\timing_bench_final\target_timing0\Tests\Target\timing_bench_f407.c:116:19:TimingBenchF407_ReportGet	16	static
